// Jest Snapshot v1, https://goo.gl/fbAQLP

exports[`menu-bar-item-create create matches snapshot 1`] = `
<button
  class="item item-create"
  type="button"
>
  <span
    class="icon-wrapper"
  />
</button>
`;
